../delete-unused-patches.sh: logfile: resources/logfile_patch_with_gnu_patch
../delete-unused-patches.sh: used patch dirs:
    ptxproj/patches/fakeroot-1.20.2
../delete-unused-patches.sh: deleting unused patch directory: resources/sample_workspace_with_patches/ptxproj/patches/f2fs-tools-1.12.0...
rm -rf resources/sample_workspace_with_patches/ptxproj/patches/f2fs-tools-1.12.0
../delete-unused-patches.sh: deleting unused patch directory: resources/sample_workspace_with_patches/ptxproj/patches/genimage-4...
rm -rf resources/sample_workspace_with_patches/ptxproj/patches/genimage-4
../delete-unused-patches.sh: deleting unused patch directory: resources/sample_workspace_with_patches/ptxproj/patches/linux-2.6.29...
rm -rf resources/sample_workspace_with_patches/ptxproj/patches/linux-2.6.29
../delete-unused-patches.sh: deleting unused patch directory: resources/sample_workspace_with_patches/ptxproj/configs/wago-pfcXXX/patches/barebox-2014.11.0...
rm -rf resources/sample_workspace_with_patches/ptxproj/configs/wago-pfcXXX/patches/barebox-2014.11.0
../delete-unused-patches.sh: deleting unused patch directory: resources/sample_workspace_with_patches/ptxproj/configs/wago-pfcXXX/patches/linux-3.18.13...
rm -rf resources/sample_workspace_with_patches/ptxproj/configs/wago-pfcXXX/patches/linux-3.18.13
../delete-unused-patches.sh: deleting unused patch directory: resources/sample_workspace_with_patches/ptxproj/configs/wago-pfcXXX/patches/linux-4.9.47...
rm -rf resources/sample_workspace_with_patches/ptxproj/configs/wago-pfcXXX/patches/linux-4.9.47
