../delete-unused-patches.sh: logfile: resources/logfile.fw9.1st-stage
../delete-unused-patches.sh: used patch dirs:
    ptxproj/configs/wago-pfcXXX/patches/barebox-2014.11.0
    ptxproj/configs/wago-pfcXXX/patches/linux-3.18.13
    ptxproj/patches/bootpc-0.64
    ptxproj/patches/busybox-1.23.1
    ptxproj/patches/bzip2-1.0.6
    ptxproj/patches/dbus-1.6.8
    ptxproj/patches/dropbear-2016.74
    ptxproj/patches/ebtables-v2.0.10-1
    ptxproj/patches/gdb-7.2a
    ptxproj/patches/genimage-4
    ptxproj/patches/glib-2.34.3
    ptxproj/patches/iproute2-3.14.0
    ptxproj/patches/ipwatchd-1.2.1
    ptxproj/patches/libModbus-0.9.20
    ptxproj/patches/libmodbus-3.0.5
    ptxproj/patches/libpcap-1.5.3
    ptxproj/patches/libpng-1.2.56
    ptxproj/patches/libuci-gitmaster
    ptxproj/patches/libxml2-2.9.4
    ptxproj/patches/libxslt-1.1.29
    ptxproj/patches/netkit-ftp-0.17
    ptxproj/patches/net-snmp-5.7.2
    ptxproj/patches/nfs-utils-1.2.3
    ptxproj/patches/ntpclient-2007
    ptxproj/patches/openssl-1.0.2j
    ptxproj/patches/php-5.6.27
    ptxproj/patches/pure-ftpd-1.0.43
    ptxproj/patches/pv-1.3.4
    ptxproj/patches/sudo-1.7.10p9
    ptxproj/patches/u-boot-mkimage-2010.03-1
../delete-unused-patches.sh: deleting unused patch directory: resources/sample_workspace_with_patches/ptxproj/patches/f2fs-tools-1.12.0...
rm -rf resources/sample_workspace_with_patches/ptxproj/patches/f2fs-tools-1.12.0
../delete-unused-patches.sh: deleting unused patch directory: resources/sample_workspace_with_patches/ptxproj/patches/fakeroot-1.20.2...
rm -rf resources/sample_workspace_with_patches/ptxproj/patches/fakeroot-1.20.2
../delete-unused-patches.sh: deleting unused patch directory: resources/sample_workspace_with_patches/ptxproj/patches/linux-2.6.29...
rm -rf resources/sample_workspace_with_patches/ptxproj/patches/linux-2.6.29
../delete-unused-patches.sh: deleting unused patch directory: resources/sample_workspace_with_patches/ptxproj/configs/wago-pfcXXX/patches/linux-4.9.47...
rm -rf resources/sample_workspace_with_patches/ptxproj/configs/wago-pfcXXX/patches/linux-4.9.47
