delete_unused_menu_entries: analyzing tmp/Kconfig...
delete_unused_menu_entries: analyzing tmp/elrest_specific.in...
