Remove known internal infrastructure files...
rm -fv @PWD@/resources/sample_workspace_pre_cleanup2/wproject @PWD@/resources/sample_workspace_pre_cleanup2/.project @PWD@/resources/sample_workspace_pre_cleanup2/.gitignore @PWD@/resources/sample_workspace_pre_cleanup2/.revisionInfo @PWD@/resources/sample_workspace_pre_cleanup2/verify_jenkins_config.sh
rm -fv @PWD@/resources/sample_workspace_pre_cleanup2/*jenkinsfile
rm -rvf @PWD@/resources/sample_workspace_pre_cleanup2/jenkins
Remove inactive platforms...
Removing ./resources/sample_workspace_pre_cleanup2/ptxproj.2013.03.0/projectroot.*...
rm -rf ./resources/sample_workspace_pre_cleanup2/ptxproj.2013.03.0/projectroot.*
Remove wago_intern...
rm -rf ./resources/bsp/wago_intern ./resources/sample_workspace_pre_cleanup2/ptxproj.2013.03.0/wago_intern
Remove inactive configurations in ./resources/sample_workspace_pre_cleanup2/ptxproj.2013.03.0/configs/myplatform...
rm -fv ./resources/sample_workspace_pre_cleanup2/ptxproj.2013.03.0/configs/myplatform/ptxconfig.unused.0
rm -fv ./resources/sample_workspace_pre_cleanup2/ptxproj.2013.03.0/configs/myplatform/ptxconfig.unused.1
rm -fv ./resources/sample_workspace_pre_cleanup2/ptxproj.2013.03.0/configs/myplatform/ptxconfig.unused.2
rm -fv ./resources/sample_workspace_pre_cleanup2/ptxproj.2013.03.0/configs/myplatform/ptxconfig.unused.3
rm -fv ./resources/sample_workspace_pre_cleanup2/ptxproj.2013.03.0/configs/myplatform/ptxconfig.unused.4
rm -fv ./resources/sample_workspace_pre_cleanup2/ptxproj.2013.03.0/configs/myplatform/platformconfig.unused.0
rm -fv ./resources/sample_workspace_pre_cleanup2/ptxproj.2013.03.0/configs/myplatform/platformconfig.unused.1
rm -fv ./resources/sample_workspace_pre_cleanup2/ptxproj.2013.03.0/configs/myplatform/platformconfig.unused.2
rm -fv ./resources/sample_workspace_pre_cleanup2/ptxproj.2013.03.0/configs/myplatform/platformconfig.unused.3
rm -fv ./resources/sample_workspace_pre_cleanup2/ptxproj.2013.03.0/configs/myplatform/platformconfig.unused.4
Rename active FW workspace to 'ptxproj' and remove inactive ones...
rm -f ./resources/sample_workspace_pre_cleanup2/ptxproj
mv ./resources/sample_workspace_pre_cleanup2/ptxproj.2013.03.0 ./resources/sample_workspace_pre_cleanup2/ptxproj
rm -rfv ./resources/sample_workspace_pre_cleanup2/ptxproj.2011.03.0
rm -rfv ./resources/sample_workspace_pre_cleanup2/ptxproj.2013.03.0
rm -rfv ./resources/sample_workspace_pre_cleanup2/ptxproj.2013.03.0-cm

