contents
contents
contents

menu "abc"
contents
endmenu

next line is empty

contents
next line contains some spaces
   
next line contains tabs and spaces
  	  


