Remove known internal infrastructure files...
rm -fv @PWD@/resources/sample_workspace_pre_cleanup_links/wproject @PWD@/resources/sample_workspace_pre_cleanup_links/.project @PWD@/resources/sample_workspace_pre_cleanup_links/.gitignore @PWD@/resources/sample_workspace_pre_cleanup_links/.revisionInfo @PWD@/resources/sample_workspace_pre_cleanup_links/verify_jenkins_config.sh
rm -fv @PWD@/resources/sample_workspace_pre_cleanup_links/*jenkinsfile
rm -rvf @PWD@/resources/sample_workspace_pre_cleanup_links/jenkins
Remove inactive platforms...
Removing ./resources/sample_workspace_pre_cleanup_links/ptxproj.2013.03.0/projectroot.0...
rm -rf ./resources/sample_workspace_pre_cleanup_links/ptxproj.2013.03.0/projectroot.0
Removing ./resources/sample_workspace_pre_cleanup_links/ptxproj.2013.03.0/projectroot.1...
rm -rf ./resources/sample_workspace_pre_cleanup_links/ptxproj.2013.03.0/projectroot.1
Removing ./resources/sample_workspace_pre_cleanup_links/ptxproj.2013.03.0/projectroot.2...
rm -rf ./resources/sample_workspace_pre_cleanup_links/ptxproj.2013.03.0/projectroot.2
Removing ./resources/sample_workspace_pre_cleanup_links/ptxproj.2013.03.0/projectroot.3...
rm -rf ./resources/sample_workspace_pre_cleanup_links/ptxproj.2013.03.0/projectroot.3
Removing ./resources/sample_workspace_pre_cleanup_links/ptxproj.2013.03.0/configs/config.0...
rm -rf ./resources/sample_workspace_pre_cleanup_links/ptxproj.2013.03.0/configs/config.0
Removing ./resources/sample_workspace_pre_cleanup_links/ptxproj.2013.03.0/configs/config.1...
rm -rf ./resources/sample_workspace_pre_cleanup_links/ptxproj.2013.03.0/configs/config.1
Removing ./resources/sample_workspace_pre_cleanup_links/ptxproj.2013.03.0/configs/config.2...
rm -rf ./resources/sample_workspace_pre_cleanup_links/ptxproj.2013.03.0/configs/config.2
Removing ./resources/sample_workspace_pre_cleanup_links/ptxproj.2013.03.0/configs/config.3...
rm -rf ./resources/sample_workspace_pre_cleanup_links/ptxproj.2013.03.0/configs/config.3
Remove wago_intern...
rm -rf ./resources/bsp/wago_intern ./resources/sample_workspace_pre_cleanup_links/ptxproj.2013.03.0/wago_intern
Remove inactive configurations in ./resources/sample_workspace_pre_cleanup_links/ptxproj.2013.03.0/configs/myplatform...
rm -fv ./resources/sample_workspace_pre_cleanup_links/ptxproj.2013.03.0/configs/myplatform/ptxconfig.unused.0
rm -fv ./resources/sample_workspace_pre_cleanup_links/ptxproj.2013.03.0/configs/myplatform/ptxconfig.unused.1
rm -fv ./resources/sample_workspace_pre_cleanup_links/ptxproj.2013.03.0/configs/myplatform/ptxconfig.unused.2
rm -fv ./resources/sample_workspace_pre_cleanup_links/ptxproj.2013.03.0/configs/myplatform/ptxconfig.unused.3
rm -fv ./resources/sample_workspace_pre_cleanup_links/ptxproj.2013.03.0/configs/myplatform/ptxconfig.unused.4
rm -fv ./resources/sample_workspace_pre_cleanup_links/ptxproj.2013.03.0/configs/myplatform/platformconfig.unused.0
rm -fv ./resources/sample_workspace_pre_cleanup_links/ptxproj.2013.03.0/configs/myplatform/platformconfig.unused.1
rm -fv ./resources/sample_workspace_pre_cleanup_links/ptxproj.2013.03.0/configs/myplatform/platformconfig.unused.2
rm -fv ./resources/sample_workspace_pre_cleanup_links/ptxproj.2013.03.0/configs/myplatform/platformconfig.unused.3
rm -fv ./resources/sample_workspace_pre_cleanup_links/ptxproj.2013.03.0/configs/myplatform/platformconfig.unused.4
Rename active FW workspace to 'ptxproj' and remove inactive ones...
rm -f ./resources/sample_workspace_pre_cleanup_links/ptxproj
mv ./resources/sample_workspace_pre_cleanup_links/ptxproj.2013.03.0 ./resources/sample_workspace_pre_cleanup_links/ptxproj
rm -rfv ./resources/sample_workspace_pre_cleanup_links/ptxproj.2011.03.0
rm -rfv ./resources/sample_workspace_pre_cleanup_links/ptxproj.2013.03.0
rm -rfv ./resources/sample_workspace_pre_cleanup_links/ptxproj.2013.03.0-cm

