Checking applied patches in comparison to the reference (stage 1) build...

Only in default FW                                                 Only in BSP
                                                 
===============================================================================================
