contents
contents
contents

menu "abc"
# comment

contents

endmenu


contents   
